components/VisualEmailBuilder.tsx(874,10): error TS17008: JSX element 'div' has no corresponding closing tag.
components/VisualEmailBuilder.tsx(999,1): error TS1381: Unexpected token. Did you mean `{'}'}` or `&rbrace;`?
components/VisualEmailBuilder.tsx(1004,42): error TS1382: Unexpected token. Did you mean `{'>'}` or `&gt;`?
components/VisualEmailBuilder.tsx(1005,5): error TS1109: Expression expected.
components/VisualEmailBuilder.tsx(1005,36): error TS17008: JSX element 'EmailDocument' has no corresponding closing tag.
components/VisualEmailBuilder.tsx(1006,69): error TS1003: Identifier expected.
components/VisualEmailBuilder.tsx(1006,75): error TS1382: Unexpected token. Did you mean `{'>'}` or `&gt;`?
components/VisualEmailBuilder.tsx(1007,65): error TS1003: Identifier expected.
components/VisualEmailBuilder.tsx(1007,71): error TS1382: Unexpected token. Did you mean `{'>'}` or `&gt;`?
components/VisualEmailBuilder.tsx(1008,69): error TS1003: Identifier expected.
components/VisualEmailBuilder.tsx(1008,75): error TS1382: Unexpected token. Did you mean `{'>'}` or `&gt;`?
components/VisualEmailBuilder.tsx(1010,56): error TS17008: JSX element 'LeftTabType' has no corresponding closing tag.
components/VisualEmailBuilder.tsx(1011,62): error TS1003: Identifier expected.
components/VisualEmailBuilder.tsx(1011,82): error TS1382: Unexpected token. Did you mean `{'>'}` or `&gt;`?
components/VisualEmailBuilder.tsx(1016,88): error TS1003: Identifier expected.
components/VisualEmailBuilder.tsx(1016,90): error TS1382: Unexpected token. Did you mean `{'>'}` or `&gt;`?
components/VisualEmailBuilder.tsx(1017,101): error TS1003: Identifier expected.
components/VisualEmailBuilder.tsx(1017,107): error TS1382: Unexpected token. Did you mean `{'>'}` or `&gt;`?
components/VisualEmailBuilder.tsx(1018,56): error TS1003: Identifier expected.
components/VisualEmailBuilder.tsx(1018,58): error TS1005: '...' expected.
components/VisualEmailBuilder.tsx(1018,65): error TS1005: '}' expected.
components/VisualEmailBuilder.tsx(1018,91): error TS1381: Unexpected token. Did you mean `{'}'}` or `&rbrace;`?
components/VisualEmailBuilder.tsx(1018,99): error TS1382: Unexpected token. Did you mean `{'>'}` or `&gt;`?
components/VisualEmailBuilder.tsx(1019,72): error TS1003: Identifier expected.
components/VisualEmailBuilder.tsx(1019,74): error TS1005: '...' expected.
components/VisualEmailBuilder.tsx(1019,80): error TS1005: '}' expected.
components/VisualEmailBuilder.tsx(1019,138): error TS1382: Unexpected token. Did you mean `{'>'}` or `&gt;`?
components/VisualEmailBuilder.tsx(1019,170): error TS1381: Unexpected token. Did you mean `{'}'}` or `&rbrace;`?
components/VisualEmailBuilder.tsx(1019,171): error TS1382: Unexpected token. Did you mean `{'>'}` or `&gt;`?
components/VisualEmailBuilder.tsx(1019,180): error TS1005: '}' expected.
components/VisualEmailBuilder.tsx(1019,228): error TS1382: Unexpected token. Did you mean `{'>'}` or `&gt;`?
components/VisualEmailBuilder.tsx(1019,234): error TS1381: Unexpected token. Did you mean `{'}'}` or `&rbrace;`?
components/VisualEmailBuilder.tsx(1021,25): error TS1382: Unexpected token. Did you mean `{'>'}` or `&gt;`?
components/VisualEmailBuilder.tsx(1021,77): error TS1005: '}' expected.
components/VisualEmailBuilder.tsx(1021,79): error TS1381: Unexpected token. Did you mean `{'}'}` or `&rbrace;`?
components/VisualEmailBuilder.tsx(1022,94): error TS1005: '}' expected.
components/VisualEmailBuilder.tsx(1022,105): error TS1005: '}' expected.
components/VisualEmailBuilder.tsx(1022,109): error TS1381: Unexpected token. Did you mean `{'}'}` or `&rbrace;`?
components/VisualEmailBuilder.tsx(1022,111): error TS1381: Unexpected token. Did you mean `{'}'}` or `&rbrace;`?
components/VisualEmailBuilder.tsx(1022,158): error TS1005: '}' expected.
components/VisualEmailBuilder.tsx(1022,188): error TS1381: Unexpected token. Did you mean `{'}'}` or `&rbrace;`?
components/VisualEmailBuilder.tsx(1023,64): error TS1382: Unexpected token. Did you mean `{'>'}` or `&gt;`?
components/VisualEmailBuilder.tsx(1023,83): error TS1005: '}' expected.
components/VisualEmailBuilder.tsx(1023,95): error TS1381: Unexpected token. Did you mean `{'}'}` or `&rbrace;`?
components/VisualEmailBuilder.tsx(1024,30): error TS1382: Unexpected token. Did you mean `{'>'}` or `&gt;`?
components/VisualEmailBuilder.tsx(1024,54): error TS1382: Unexpected token. Did you mean `{'>'}` or `&gt;`?
components/VisualEmailBuilder.tsx(1024,70): error TS1005: '}' expected.
components/VisualEmailBuilder.tsx(1024,78): error TS1381: Unexpected token. Did you mean `{'}'}` or `&rbrace;`?
components/VisualEmailBuilder.tsx(1025,39): error TS1382: Unexpected token. Did you mean `{'>'}` or `&gt;`?
components/VisualEmailBuilder.tsx(1026,9): error TS1109: Expression expected.
components/VisualEmailBuilder.tsx(1028,5): error TS1381: Unexpected token. Did you mean `{'}'}` or `&rbrace;`?
components/VisualEmailBuilder.tsx(1030,56): error TS1382: Unexpected token. Did you mean `{'>'}` or `&gt;`?
components/VisualEmailBuilder.tsx(1031,92): error TS1005: '}' expected.
components/VisualEmailBuilder.tsx(1032,5): error TS1381: Unexpected token. Did you mean `{'}'}` or `&rbrace;`?
components/VisualEmailBuilder.tsx(1033,51): error TS1382: Unexpected token. Did you mean `{'>'}` or `&gt;`?
components/VisualEmailBuilder.tsx(1033,124): error TS1005: '}' expected.
components/VisualEmailBuilder.tsx(1033,170): error TS1381: Unexpected token. Did you mean `{'}'}` or `&rbrace;`?
components/VisualEmailBuilder.tsx(1034,72): error TS1382: Unexpected token. Did you mean `{'>'}` or `&gt;`?
components/VisualEmailBuilder.tsx(1034,86): error TS1382: Unexpected token. Did you mean `{'>'}` or `&gt;`?
components/VisualEmailBuilder.tsx(1034,104): error TS1005: '}' expected.
components/VisualEmailBuilder.tsx(1034,108): error TS1381: Unexpected token. Did you mean `{'}'}` or `&rbrace;`?
components/VisualEmailBuilder.tsx(1035,69): error TS1382: Unexpected token. Did you mean `{'>'}` or `&gt;`?
components/VisualEmailBuilder.tsx(1035,302): error TS1005: '}' expected.
components/VisualEmailBuilder.tsx(1035,304): error TS1381: Unexpected token. Did you mean `{'}'}` or `&rbrace;`?
components/VisualEmailBuilder.tsx(1036,54): error TS1382: Unexpected token. Did you mean `{'>'}` or `&gt;`?
components/VisualEmailBuilder.tsx(1036,273): error TS1005: '}' expected.
components/VisualEmailBuilder.tsx(1036,312): error TS1381: Unexpected token. Did you mean `{'}'}` or `&rbrace;`?
components/VisualEmailBuilder.tsx(1037,44): error TS1382: Unexpected token. Did you mean `{'>'}` or `&gt;`?
components/VisualEmailBuilder.tsx(1037,48): error TS1109: Expression expected.
components/VisualEmailBuilder.tsx(1037,138): error TS1005: '}' expected.
components/VisualEmailBuilder.tsx(1037,168): error TS1381: Unexpected token. Did you mean `{'}'}` or `&rbrace;`?
components/VisualEmailBuilder.tsx(1037,172): error TS1381: Unexpected token. Did you mean `{'}'}` or `&rbrace;`?
components/VisualEmailBuilder.tsx(1038,38): error TS1382: Unexpected token. Did you mean `{'>'}` or `&gt;`?
components/VisualEmailBuilder.tsx(1038,244): error TS1005: '}' expected.
components/VisualEmailBuilder.tsx(1038,246): error TS1381: Unexpected token. Did you mean `{'}'}` or `&rbrace;`?
components/VisualEmailBuilder.tsx(1040,50): error TS1382: Unexpected token. Did you mean `{'>'}` or `&gt;`?
components/VisualEmailBuilder.tsx(1041,38): error TS1382: Unexpected token. Did you mean `{'>'}` or `&gt;`?
components/VisualEmailBuilder.tsx(1042,46): error TS1382: Unexpected token. Did you mean `{'>'}` or `&gt;`?
components/VisualEmailBuilder.tsx(1043,42): error TS1005: '}' expected.
components/VisualEmailBuilder.tsx(1050,13): error TS1109: Expression expected.
components/VisualEmailBuilder.tsx(1057,17): error TS1109: Expression expected.
components/VisualEmailBuilder.tsx(1058,21): error TS1109: Expression expected.
components/VisualEmailBuilder.tsx(1059,31): error TS1382: Unexpected token. Did you mean `{'>'}` or `&gt;`?
components/VisualEmailBuilder.tsx(1061,31): error TS1005: '}' expected.
components/VisualEmailBuilder.tsx(1062,21): error TS1381: Unexpected token. Did you mean `{'}'}` or `&rbrace;`?
components/VisualEmailBuilder.tsx(1065,17): error TS1381: Unexpected token. Did you mean `{'}'}` or `&rbrace;`?
components/VisualEmailBuilder.tsx(1068,68): error TS1382: Unexpected token. Did you mean `{'>'}` or `&gt;`?
components/VisualEmailBuilder.tsx(1069,40): error TS1382: Unexpected token. Did you mean `{'>'}` or `&gt;`?
components/VisualEmailBuilder.tsx(1070,21): error TS1109: Expression expected.
components/VisualEmailBuilder.tsx(1072,83): error TS1005: '}' expected.
components/VisualEmailBuilder.tsx(1074,21): error TS1381: Unexpected token. Did you mean `{'}'}` or `&rbrace;`?
components/VisualEmailBuilder.tsx(1076,31): error TS1382: Unexpected token. Did you mean `{'>'}` or `&gt;`?
components/VisualEmailBuilder.tsx(1077,25): error TS1109: Expression expected.
components/VisualEmailBuilder.tsx(1081,31): error TS1005: '}' expected.
components/VisualEmailBuilder.tsx(1081,50): error TS1382: Unexpected token. Did you mean `{'>'}` or `&gt;`?
components/VisualEmailBuilder.tsx(1082,33): error TS1109: Expression expected.
components/VisualEmailBuilder.tsx(1083,37): error TS1109: Expression expected.
components/VisualEmailBuilder.tsx(1085,43): error TS1005: '}' expected.
components/VisualEmailBuilder.tsx(1085,57): error TS1381: Unexpected token. Did you mean `{'}'}` or `&rbrace;`?
components/VisualEmailBuilder.tsx(1086,33): error TS1381: Unexpected token. Did you mean `{'}'}` or `&rbrace;`?
components/VisualEmailBuilder.tsx(1088,29): error TS1381: Unexpected token. Did you mean `{'}'}` or `&rbrace;`?
components/VisualEmailBuilder.tsx(1089,25): error TS1381: Unexpected token. Did you mean `{'}'}` or `&rbrace;`?
components/VisualEmailBuilder.tsx(1090,21): error TS1381: Unexpected token. Did you mean `{'}'}` or `&rbrace;`?
components/VisualEmailBuilder.tsx(1093,17): error TS1381: Unexpected token. Did you mean `{'}'}` or `&rbrace;`?
components/VisualEmailBuilder.tsx(1094,13): error TS1381: Unexpected token. Did you mean `{'}'}` or `&rbrace;`?
components/VisualEmailBuilder.tsx(1095,9): error TS1381: Unexpected token. Did you mean `{'}'}` or `&rbrace;`?
components/VisualEmailBuilder.tsx(1097,40): error TS1109: Expression expected.
components/VisualEmailBuilder.tsx(1097,149): error TS1382: Unexpected token. Did you mean `{'>'}` or `&gt;`?
components/VisualEmailBuilder.tsx(1097,182): error TS1382: Unexpected token. Did you mean `{'>'}` or `&gt;`?
components/VisualEmailBuilder.tsx(1097,186): error TS1109: Expression expected.
components/VisualEmailBuilder.tsx(1097,220): error TS1382: Unexpected token. Did you mean `{'>'}` or `&gt;`?
components/VisualEmailBuilder.tsx(1097,288): error TS1005: '}' expected.
components/VisualEmailBuilder.tsx(1097,294): error TS1381: Unexpected token. Did you mean `{'}'}` or `&rbrace;`?
components/VisualEmailBuilder.tsx(1097,297): error TS1381: Unexpected token. Did you mean `{'}'}` or `&rbrace;`?
components/VisualEmailBuilder.tsx(1097,331): error TS1381: Unexpected token. Did you mean `{'}'}` or `&rbrace;`?
components/VisualEmailBuilder.tsx(1098,149): error TS1005: '}' expected.
components/VisualEmailBuilder.tsx(1098,196): error TS1381: Unexpected token. Did you mean `{'}'}` or `&rbrace;`?
components/VisualEmailBuilder.tsx(1106,27): error TS1005: '}' expected.
components/VisualEmailBuilder.tsx(1107,9): error TS1381: Unexpected token. Did you mean `{'}'}` or `&rbrace;`?
components/VisualEmailBuilder.tsx(1108,5): error TS1381: Unexpected token. Did you mean `{'}'}` or `&rbrace;`?
components/VisualEmailBuilder.tsx(1110,38): error TS1382: Unexpected token. Did you mean `{'>'}` or `&gt;`?
components/VisualEmailBuilder.tsx(1111,9): error TS1109: Expression expected.
components/VisualEmailBuilder.tsx(1112,49): error TS1382: Unexpected token. Did you mean `{'>'}` or `&gt;`?
components/VisualEmailBuilder.tsx(1113,13): error TS1109: Expression expected.
components/VisualEmailBuilder.tsx(1114,17): error TS1109: Expression expected.
components/VisualEmailBuilder.tsx(1114,44): error TS1005: '...' expected.
components/VisualEmailBuilder.tsx(1114,201): error TS1005: '>' expected.
components/VisualEmailBuilder.tsx(1114,210): error TS1382: Unexpected token. Did you mean `{'>'}` or `&gt;`?
components/VisualEmailBuilder.tsx(1149,13): error TS1381: Unexpected token. Did you mean `{'}'}` or `&rbrace;`?
components/VisualEmailBuilder.tsx(1150,9): error TS1381: Unexpected token. Did you mean `{'}'}` or `&rbrace;`?
components/VisualEmailBuilder.tsx(1151,30): error TS1003: Identifier expected.
components/VisualEmailBuilder.tsx(1151,43): error TS1382: Unexpected token. Did you mean `{'>'}` or `&gt;`?
components/VisualEmailBuilder.tsx(1151,57): error TS17008: JSX element 'meta' has no corresponding closing tag.
components/VisualEmailBuilder.tsx(1152,5): error TS1381: Unexpected token. Did you mean `{'}'}` or `&rbrace;`?
components/VisualEmailBuilder.tsx(1154,30): error TS1382: Unexpected token. Did you mean `{'>'}` or `&gt;`?
components/VisualEmailBuilder.tsx(1154,34): error TS1109: Expression expected.
components/VisualEmailBuilder.tsx(1154,97): error TS1005: '}' expected.
components/VisualEmailBuilder.tsx(1154,169): error TS1381: Unexpected token. Did you mean `{'}'}` or `&rbrace;`?
components/VisualEmailBuilder.tsx(1154,259): error TS1005: '}' expected.
components/VisualEmailBuilder.tsx(1154,273): error TS1381: Unexpected token. Did you mean `{'}'}` or `&rbrace;`?
components/VisualEmailBuilder.tsx(1154,453): error TS1381: Unexpected token. Did you mean `{'}'}` or `&rbrace;`?
components/VisualEmailBuilder.tsx(1155,33): error TS1382: Unexpected token. Did you mean `{'>'}` or `&gt;`?
components/VisualEmailBuilder.tsx(1155,271): error TS1005: '}' expected.
components/VisualEmailBuilder.tsx(1155,273): error TS1381: Unexpected token. Did you mean `{'}'}` or `&rbrace;`?
components/VisualEmailBuilder.tsx(1156,68): error TS1382: Unexpected token. Did you mean `{'>'}` or `&gt;`?
components/VisualEmailBuilder.tsx(1156,90): error TS1005: '}' expected.
components/VisualEmailBuilder.tsx(1156,116): error TS1005: '}' expected.
components/VisualEmailBuilder.tsx(1156,198): error TS1382: Unexpected token. Did you mean `{'>'}` or `&gt;`?
components/VisualEmailBuilder.tsx(1156,238): error TS1005: '}' expected.
components/VisualEmailBuilder.tsx(1156,261): error TS1382: Unexpected token. Did you mean `{'>'}` or `&gt;`?
components/VisualEmailBuilder.tsx(1156,277): error TS1382: Unexpected token. Did you mean `{'>'}` or `&gt;`?
components/VisualEmailBuilder.tsx(1156,406): error TS1381: Unexpected token. Did you mean `{'}'}` or `&rbrace;`?
components/VisualEmailBuilder.tsx(1156,408): error TS1381: Unexpected token. Did you mean `{'}'}` or `&rbrace;`?
components/VisualEmailBuilder.tsx(1156,412): error TS1381: Unexpected token. Did you mean `{'}'}` or `&rbrace;`?
components/VisualEmailBuilder.tsx(1158,34): error TS1382: Unexpected token. Did you mean `{'>'}` or `&gt;`?
components/VisualEmailBuilder.tsx(1159,9): error TS1109: Expression expected.
components/VisualEmailBuilder.tsx(1160,56): error TS1005: '}' expected.
components/VisualEmailBuilder.tsx(1160,77): error TS1381: Unexpected token. Did you mean `{'}'}` or `&rbrace;`?
components/VisualEmailBuilder.tsx(1166,5): error TS1381: Unexpected token. Did you mean `{'}'}` or `&rbrace;`?
components/VisualEmailBuilder.tsx(1168,36): error TS1382: Unexpected token. Did you mean `{'>'}` or `&gt;`?
components/VisualEmailBuilder.tsx(1169,49): error TS1005: '}' expected.
components/VisualEmailBuilder.tsx(1170,5): error TS1381: Unexpected token. Did you mean `{'}'}` or `&rbrace;`?
components/VisualEmailBuilder.tsx(1172,50): error TS1382: Unexpected token. Did you mean `{'>'}` or `&gt;`?
components/VisualEmailBuilder.tsx(1173,9): error TS1109: Expression expected.
components/VisualEmailBuilder.tsx(1174,13): error TS1109: Expression expected.
components/VisualEmailBuilder.tsx(1176,39): error TS1005: '}' expected.
components/VisualEmailBuilder.tsx(1179,13): error TS1381: Unexpected token. Did you mean `{'}'}` or `&rbrace;`?
components/VisualEmailBuilder.tsx(1180,100): error TS1005: '}' expected.
components/VisualEmailBuilder.tsx(1181,13): error TS1381: Unexpected token. Did you mean `{'}'}` or `&rbrace;`?
components/VisualEmailBuilder.tsx(1182,9): error TS1381: Unexpected token. Did you mean `{'}'}` or `&rbrace;`?
components/VisualEmailBuilder.tsx(1183,61): error TS1005: '}' expected.
components/VisualEmailBuilder.tsx(1184,9): error TS1381: Unexpected token. Did you mean `{'}'}` or `&rbrace;`?
components/VisualEmailBuilder.tsx(1185,5): error TS1381: Unexpected token. Did you mean `{'}'}` or `&rbrace;`?
components/VisualEmailBuilder.tsx(1187,31): error TS1382: Unexpected token. Did you mean `{'>'}` or `&gt;`?
components/VisualEmailBuilder.tsx(1188,50): error TS1005: '}' expected.
components/VisualEmailBuilder.tsx(1189,5): error TS1381: Unexpected token. Did you mean `{'}'}` or `&rbrace;`?
components/VisualEmailBuilder.tsx(1281,1): error TS1381: Unexpected token. Did you mean `{'}'}` or `&rbrace;`?
components/VisualEmailBuilder.tsx(1283,55): error TS1005: '</' expected.
